\BOOKMARK [1][-]{section.1}{\376\377\000P\000r\000o\000j\000e\000c\000t\000\040\000R\000e\000p\000o\000r\000t\000\040\000O\000u\000t\000l\000i\000n\000e}{}% 1
\BOOKMARK [2][-]{subsection.1.1}{\376\377\000P\000a\000t\000i\000e\000n\000t\000\040\000M\000o\000n\000i\000t\000o\000r\000i\000n\000g\000\040\000v\000i\000a\000\040\000S\000t\000r\000u\000c\000t\000u\000r\000e\000d\000\040\000E\000l\000e\000c\000t\000r\000o\000n\000i\000c\000\040\000H\000e\000a\000l\000t\000h\000\040\000R\000e\000c\000o\000r\000d\000s}{section.1}% 2
\BOOKMARK [3][-]{subsubsection.1.1.1}{\376\377\000S\000w\000i\000s\000s\000C\000a\000r\000e\000\040\000H\000e\000a\000l\000t\000h\000\040\000N\000e\000t\000w\000o\000r\000k\000\040\000A\000G\000\040\040\024\000\040\000A\000I\000\040\000P\000r\000o\000j\000e\000c\000t\000\040\000C\000o\000u\000r\000s\000e}{subsection.1.1}% 3
\BOOKMARK [1][-]{section.2}{\376\377\000E\000x\000e\000c\000u\000t\000i\000v\000e\000\040\000S\000u\000m\000m\000a\000r\000y}{}% 4
\BOOKMARK [1][-]{section.3}{\376\377\0001\000.\000\040\000I\000n\000t\000r\000o\000d\000u\000c\000t\000i\000o\000n\000\040\000\046\000\040\000S\000y\000s\000t\000e\000m\000\040\000O\000v\000e\000r\000v\000i\000e\000w}{}% 5
\BOOKMARK [2][-]{subsection.3.1}{\376\377\0001\000.\0001\000\040\000B\000u\000s\000i\000n\000e\000s\000s\000\040\000C\000o\000n\000t\000e\000x\000t\000\040\000a\000n\000d\000\040\000P\000r\000o\000b\000l\000e\000m\000\040\000S\000t\000a\000t\000e\000m\000e\000n\000t}{section.3}% 6
\BOOKMARK [2][-]{subsection.3.2}{\376\377\0001\000.\0002\000\040\000P\000r\000o\000j\000e\000c\000t\000\040\000O\000b\000j\000e\000c\000t\000i\000v\000e\000s}{section.3}% 7
\BOOKMARK [2][-]{subsection.3.3}{\376\377\0001\000.\0003\000\040\000S\000c\000o\000p\000e\000\040\000a\000n\000d\000\040\000D\000a\000t\000a\000s\000e\000t}{section.3}% 8
\BOOKMARK [2][-]{subsection.3.4}{\376\377\0001\000.\0004\000\040\000S\000t\000a\000k\000e\000h\000o\000l\000d\000e\000r\000s\000\040\000a\000n\000d\000\040\000S\000u\000c\000c\000e\000s\000s\000\040\000M\000e\000t\000r\000i\000c\000s}{section.3}% 9
\BOOKMARK [1][-]{section.4}{\376\377\0002\000.\000\040\000T\000e\000c\000h\000n\000i\000c\000a\000l\000\040\000D\000e\000c\000i\000s\000i\000o\000n\000\040\000J\000u\000s\000t\000i\000f\000i\000c\000a\000t\000i\000o\000n}{}% 10
\BOOKMARK [2][-]{subsection.4.1}{\376\377\0002\000.\0001\000\040\000D\000a\000t\000a\000\040\000V\000a\000r\000i\000a\000b\000l\000e\000s\000\040\000a\000n\000d\000\040\000P\000r\000i\000v\000a\000c\000y\000\040\000J\000u\000s\000t\000i\000f\000i\000c\000a\000t\000i\000o\000n}{section.4}% 11
\BOOKMARK [2][-]{subsection.4.2}{\376\377\0002\000.\0002\000\040\000F\000e\000a\000t\000u\000r\000e\000\040\000E\000n\000g\000i\000n\000e\000e\000r\000i\000n\000g\000:\000\040\000T\000h\000e\000\040\0002\0002\000-\000F\000e\000a\000t\000u\000r\000e\000\040\000S\000e\000t}{section.4}% 12
\BOOKMARK [3][-]{subsubsection.4.2.1}{\376\377\0002\000.\0002\000.\0001\000\040\000T\000e\000m\000p\000o\000r\000a\000l\000\040\000C\000o\000u\000n\000t\000e\000r\000\040\000F\000e\000a\000t\000u\000r\000e\000s}{subsection.4.2}% 13
\BOOKMARK [3][-]{subsubsection.4.2.2}{\376\377\0002\000.\0002\000.\0002\000\040\000R\000o\000l\000l\000i\000n\000g\000\040\000W\000i\000n\000d\000o\000w\000\040\000F\000e\000a\000t\000u\000r\000e\000s}{subsection.4.2}% 14
\BOOKMARK [3][-]{subsubsection.4.2.3}{\376\377\0002\000.\0002\000.\0003\000\040\000C\000l\000i\000n\000i\000c\000a\000l\000\040\000V\000a\000l\000u\000e\000\040\000F\000e\000a\000t\000u\000r\000e\000s}{subsection.4.2}% 15
\BOOKMARK [3][-]{subsubsection.4.2.4}{\376\377\0002\000.\0002\000.\0004\000\040\000T\000r\000e\000n\000d\000\040\000F\000e\000a\000t\000u\000r\000e\000s\000\040\000\050\0006\000-\000m\000o\000n\000t\000h\000\040\000/\000\040\0001\0002\000-\000m\000o\000n\000t\000h\000\040\000w\000i\000n\000d\000o\000w\000s\000\051}{subsection.4.2}% 16
\BOOKMARK [3][-]{subsubsection.4.2.5}{\376\377\0002\000.\0002\000.\0005\000\040\000C\000o\000m\000p\000o\000s\000i\000t\000e\000\040\000R\000i\000s\000k\000\040\000F\000e\000a\000t\000u\000r\000e\000s}{subsection.4.2}% 17
\BOOKMARK [3][-]{subsubsection.4.2.6}{\376\377\0002\000.\0002\000.\0006\000\040\000T\000e\000m\000p\000o\000r\000a\000l\000\040\000S\000a\000f\000e\000t\000y\000\040\000D\000e\000s\000i\000g\000n}{subsection.4.2}% 18
\BOOKMARK [2][-]{subsection.4.3}{\376\377\0002\000.\0003\000\040\000E\000v\000a\000l\000u\000a\000t\000i\000o\000n\000\040\000M\000e\000t\000r\000i\000c\000s\000\040\000S\000e\000l\000e\000c\000t\000i\000o\000n\000\040\000a\000n\000d\000\040\000S\000t\000a\000k\000e\000h\000o\000l\000d\000e\000r\000\040\000A\000l\000i\000g\000n\000m\000e\000n\000t}{section.4}% 19
\BOOKMARK [2][-]{subsection.4.4}{\376\377\0002\000.\0004\000\040\000M\000o\000d\000e\000l\000\040\000A\000r\000c\000h\000i\000t\000e\000c\000t\000u\000r\000e\000\040\000D\000e\000c\000i\000s\000i\000o\000n\000s}{section.4}% 20
\BOOKMARK [3][-]{subsubsection.4.4.1}{\376\377\0002\000.\0004\000.\0001\000\040\000B\000a\000s\000e\000l\000i\000n\000e\000\040\000M\000o\000d\000e\000l\000s\000\040\000\050\000W\000e\000e\000k\000\040\0002\000\051}{subsection.4.4}% 21
\BOOKMARK [3][-]{subsubsection.4.4.2}{\376\377\0002\000.\0004\000.\0002\000\040\000A\000d\000v\000a\000n\000c\000e\000d\000\040\000M\000o\000d\000e\000l\000s\000\040\000\050\000W\000e\000e\000k\000\040\0003\000\051}{subsection.4.4}% 22
\BOOKMARK [3][-]{subsubsection.4.4.3}{\376\377\0002\000.\0004\000.\0003\000\040\000H\000a\000n\000d\000l\000i\000n\000g\000\040\000C\000l\000a\000s\000s\000\040\000I\000m\000b\000a\000l\000a\000n\000c\000e}{subsection.4.4}% 23
\BOOKMARK [2][-]{subsection.4.5}{\376\377\0002\000.\0005\000\040\000C\000l\000i\000n\000i\000c\000a\000l\000\040\000T\000e\000x\000t\000\040\000P\000r\000o\000c\000e\000s\000s\000i\000n\000g\000\040\000A\000r\000c\000h\000i\000t\000e\000c\000t\000u\000r\000e}{section.4}% 24
\BOOKMARK [3][-]{subsubsection.4.5.1}{\376\377\0002\000.\0005\000.\0001\000\040\000N\000o\000t\000e\000\040\000C\000l\000e\000a\000n\000i\000n\000g\000\040\000P\000i\000p\000e\000l\000i\000n\000e}{subsection.4.5}% 25
\BOOKMARK [3][-]{subsubsection.4.5.2}{\376\377\0002\000.\0005\000.\0002\000\040\000R\000e\000g\000e\000x\000-\000B\000a\000s\000e\000d\000\040\000E\000x\000t\000r\000a\000c\000t\000i\000o\000n}{subsection.4.5}% 26
\BOOKMARK [3][-]{subsubsection.4.5.3}{\376\377\0002\000.\0005\000.\0003\000\040\000N\000E\000R\000\040\000w\000i\000t\000h\000\040\000s\000p\000a\000C\000y\000\040\000a\000n\000d\000\040\000s\000c\000i\000s\000p\000a\000C\000y\000\040\000\050\000E\000x\000t\000e\000n\000s\000i\000o\000n\000\051}{subsection.4.5}% 27
\BOOKMARK [2][-]{subsection.4.6}{\376\377\0002\000.\0006\000\040\000P\000a\000t\000i\000e\000n\000t\000\040\000P\000r\000o\000f\000i\000l\000e\000\040\000a\000n\000d\000\040\000D\000a\000t\000a\000\040\000M\000o\000d\000e\000l\000\040\000A\000r\000c\000h\000i\000t\000e\000c\000t\000u\000r\000e}{section.4}% 28
\BOOKMARK [2][-]{subsection.4.7}{\376\377\0002\000.\0007\000\040\000M\000o\000n\000i\000t\000o\000r\000i\000n\000g\000\040\000S\000y\000s\000t\000e\000m\000\040\000A\000r\000c\000h\000i\000t\000e\000c\000t\000u\000r\000e}{section.4}% 29
\BOOKMARK [2][-]{subsection.4.8}{\376\377\0002\000.\0008\000\040\000S\000y\000s\000t\000e\000m\000\040\000A\000r\000c\000h\000i\000t\000e\000c\000t\000u\000r\000e\000\040\000a\000n\000d\000\040\000B\000u\000s\000i\000n\000e\000s\000s\000\040\000C\000o\000n\000s\000t\000r\000a\000i\000n\000t\000s}{section.4}% 30
\BOOKMARK [1][-]{section.5}{\376\377\0003\000.\000\040\000T\000e\000s\000t\000i\000n\000g\000\040\000a\000n\000d\000\040\000V\000a\000l\000i\000d\000a\000t\000i\000o\000n\000\040\000P\000r\000o\000t\000o\000c\000o\000l}{}% 31
\BOOKMARK [2][-]{subsection.5.1}{\376\377\0003\000.\0001\000\040\000M\000o\000d\000e\000l\000\040\000P\000e\000r\000f\000o\000r\000m\000a\000n\000c\000e\000\040\000R\000e\000s\000u\000l\000t\000s}{section.5}% 32
\BOOKMARK [3][-]{subsubsection.5.1.1}{\376\377\0003\000.\0001\000.\0001\000\040\000B\000a\000s\000e\000l\000i\000n\000e\000\040\000P\000r\000o\000g\000r\000e\000s\000s\000i\000o\000n}{subsection.5.1}% 33
\BOOKMARK [3][-]{subsubsection.5.1.2}{\376\377\0003\000.\0001\000.\0002\000\040\000A\000d\000v\000a\000n\000c\000e\000d\000\040\000M\000o\000d\000e\000l\000\040\000C\000o\000m\000p\000a\000r\000i\000s\000o\000n\000\040\000\050\0002\0002\000\040\000f\000e\000a\000t\000u\000r\000e\000s\000\051}{subsection.5.1}% 34
\BOOKMARK [3][-]{subsubsection.5.1.3}{\376\377\0003\000.\0001\000.\0003\000\040\000C\000l\000i\000n\000i\000c\000a\000l\000\040\000A\000l\000e\000r\000t\000\040\000P\000e\000r\000f\000o\000r\000m\000a\000n\000c\000e\000\040\000A\000n\000a\000l\000y\000s\000i\000s}{subsection.5.1}% 35
\BOOKMARK [2][-]{subsection.5.2}{\376\377\0003\000.\0002\000\040\000G\000e\000n\000e\000r\000a\000l\000i\000z\000a\000t\000i\000o\000n\000\040\000a\000n\000d\000\040\000F\000a\000i\000r\000n\000e\000s\000s\000\040\000A\000s\000s\000e\000s\000s\000m\000e\000n\000t}{section.5}% 36
\BOOKMARK [3][-]{subsubsection.5.2.1}{\376\377\0003\000.\0002\000.\0001\000\040\000S\000u\000b\000g\000r\000o\000u\000p\000\040\000P\000e\000r\000f\000o\000r\000m\000a\000n\000c\000e\000\040\000A\000n\000a\000l\000y\000s\000i\000s}{subsection.5.2}% 37
\BOOKMARK [3][-]{subsubsection.5.2.2}{\376\377\0003\000.\0002\000.\0002\000\040\000F\000a\000i\000r\000n\000e\000s\000s\000\040\000M\000e\000t\000r\000i\000c\000s}{subsection.5.2}% 38
\BOOKMARK [3][-]{subsubsection.5.2.3}{\376\377\0003\000.\0002\000.\0003\000\040\000C\000a\000l\000i\000b\000r\000a\000t\000i\000o\000n\000\040\000A\000n\000a\000l\000y\000s\000i\000s}{subsection.5.2}% 39
\BOOKMARK [2][-]{subsection.5.3}{\376\377\0003\000.\0003\000\040\000R\000o\000b\000u\000s\000t\000n\000e\000s\000s\000\040\000T\000e\000s\000t\000i\000n\000g}{section.5}% 40
\BOOKMARK [3][-]{subsubsection.5.3.1}{\376\377\0003\000.\0003\000.\0001\000\040\000M\000i\000s\000s\000i\000n\000g\000\040\000D\000a\000t\000a\000\040\000R\000o\000b\000u\000s\000t\000n\000e\000s\000s}{subsection.5.3}% 41
\BOOKMARK [3][-]{subsubsection.5.3.2}{\376\377\0003\000.\0003\000.\0002\000\040\000T\000e\000m\000p\000o\000r\000a\000l\000\040\000V\000a\000l\000i\000d\000a\000t\000i\000o\000n}{subsection.5.3}% 42
\BOOKMARK [3][-]{subsubsection.5.3.3}{\376\377\0003\000.\0003\000.\0003\000\040\000C\000r\000o\000s\000s\000-\000V\000a\000l\000i\000d\000a\000t\000i\000o\000n\000\040\000S\000t\000a\000b\000i\000l\000i\000t\000y}{subsection.5.3}% 43
\BOOKMARK [2][-]{subsection.5.4}{\376\377\0003\000.\0004\000\040\000C\000l\000i\000n\000i\000c\000a\000l\000\040\000V\000a\000l\000i\000d\000i\000t\000y\000\040\000A\000s\000s\000e\000s\000s\000m\000e\000n\000t}{section.5}% 44
\BOOKMARK [3][-]{subsubsection.5.4.1}{\376\377\0003\000.\0004\000.\0001\000\040\000R\000i\000s\000k\000\040\000P\000r\000e\000d\000i\000c\000t\000i\000o\000n\000\040\000C\000a\000l\000i\000b\000r\000a\000t\000i\000o\000n}{subsection.5.4}% 45
\BOOKMARK [3][-]{subsubsection.5.4.2}{\376\377\0003\000.\0004\000.\0002\000\040\000D\000e\000m\000o\000g\000r\000a\000p\000h\000i\000c\000\040\000F\000a\000i\000r\000n\000e\000s\000s}{subsection.5.4}% 46
\BOOKMARK [2][-]{subsection.5.5}{\376\377\0003\000.\0005\000\040\000E\000r\000r\000o\000r\000\040\000A\000n\000a\000l\000y\000s\000i\000s\000\040\000a\000n\000d\000\040\000M\000o\000d\000e\000l\000\040\000L\000i\000m\000i\000t\000a\000t\000i\000o\000n\000s}{section.5}% 47
\BOOKMARK [1][-]{section.6}{\376\377\0004\000.\000\040\000R\000e\000g\000u\000l\000a\000t\000o\000r\000y\000\040\000C\000o\000m\000p\000l\000i\000a\000n\000c\000e\000\040\000A\000s\000s\000e\000s\000s\000m\000e\000n\000t}{}% 48
\BOOKMARK [2][-]{subsection.6.1}{\376\377\0004\000.\0001\000\040\000E\000U\000\040\000A\000I\000\040\000A\000c\000t\000\040\000\050\000H\000i\000g\000h\000-\000R\000i\000s\000k\000\040\000M\000e\000d\000i\000c\000a\000l\000\040\000A\000I\000\040\000C\000l\000a\000s\000s\000i\000f\000i\000c\000a\000t\000i\000o\000n\000\051}{section.6}% 49
\BOOKMARK [2][-]{subsection.6.2}{\376\377\0004\000.\0002\000\040\000G\000D\000P\000R\000\040\000a\000n\000d\000\040\000r\000e\000v\000F\000A\000D\000P\000\040\000\050\000H\000e\000a\000l\000t\000h\000\040\000D\000a\000t\000a\000\040\000P\000r\000o\000t\000e\000c\000t\000i\000o\000n\000\051}{section.6}% 50
\BOOKMARK [2][-]{subsection.6.3}{\376\377\0004\000.\0003\000\040\000H\000L\0007\000\040\000F\000H\000I\000R\000\040\000C\000o\000m\000p\000l\000i\000a\000n\000c\000e}{section.6}% 51
\BOOKMARK [2][-]{subsection.6.4}{\376\377\0004\000.\0004\000\040\000S\000N\000O\000M\000E\000D\000\040\000C\000T\000\040\000a\000n\000d\000\040\000I\000C\000D\000-\0001\0000\000\040\000S\000t\000a\000n\000d\000a\000r\000d\000s}{section.6}% 52
\BOOKMARK [2][-]{subsection.6.5}{\376\377\0004\000.\0005\000\040\000S\000w\000i\000s\000s\000C\000a\000r\000e\000\040\000C\000l\000i\000n\000i\000c\000a\000l\000\040\000P\000o\000l\000i\000c\000i\000e\000s}{section.6}% 53
\BOOKMARK [1][-]{section.7}{\376\377\0005\000.\000\040\000L\000e\000s\000s\000o\000n\000s\000\040\000L\000e\000a\000r\000n\000e\000d\000\040\000a\000n\000d\000\040\000F\000a\000i\000l\000e\000d\000\040\000A\000p\000p\000r\000o\000a\000c\000h\000e\000s}{}% 54
\BOOKMARK [2][-]{subsection.7.1}{\376\377\0005\000.\0001\000\040\000F\000a\000i\000l\000e\000d\000\040\000E\000x\000p\000e\000r\000i\000m\000e\000n\000t\000:\000\040\000S\000M\000O\000T\000E\000\040\000f\000o\000r\000\040\000C\000l\000a\000s\000s\000\040\000I\000m\000b\000a\000l\000a\000n\000c\000e}{section.7}% 55
\BOOKMARK [2][-]{subsection.7.2}{\376\377\0005\000.\0002\000\040\000F\000a\000i\000l\000e\000d\000\040\000E\000x\000p\000e\000r\000i\000m\000e\000n\000t\000:\000\040\000R\000o\000w\000-\000L\000e\000v\000e\000l\000\040\000T\000r\000a\000i\000n\000/\000T\000e\000s\000t\000\040\000S\000p\000l\000i\000t}{section.7}% 56
\BOOKMARK [2][-]{subsection.7.3}{\376\377\0005\000.\0003\000\040\000F\000a\000i\000l\000e\000d\000\040\000E\000x\000p\000e\000r\000i\000m\000e\000n\000t\000:\000\040\000T\000e\000m\000p\000o\000r\000a\000l\000\040\000F\000e\000a\000t\000u\000r\000e\000s\000\040\000W\000i\000t\000h\000o\000u\000t\000\040\000C\000u\000t\000o\000f\000f\000\040\000E\000n\000f\000o\000r\000c\000e\000m\000e\000n\000t}{section.7}% 57
\BOOKMARK [2][-]{subsection.7.4}{\376\377\0005\000.\0004\000\040\000F\000a\000i\000l\000e\000d\000\040\000E\000x\000p\000e\000r\000i\000m\000e\000n\000t\000:\000\040\000Z\000I\000P\000-\000C\000o\000d\000e\000\040\000C\000e\000n\000s\000u\000s\000\040\000F\000e\000a\000t\000u\000r\000e\000s}{section.7}% 58
\BOOKMARK [2][-]{subsection.7.5}{\376\377\0005\000.\0005\000\040\000L\000e\000s\000s\000o\000n\000s\000\040\000L\000e\000a\000r\000n\000e\000d}{section.7}% 59
\BOOKMARK [3][-]{subsubsection.7.5.1}{\376\377\000O\000n\000\040\000D\000a\000t\000a\000\040\000Q\000u\000a\000l\000i\000t\000y}{subsection.7.5}% 60
\BOOKMARK [3][-]{subsubsection.7.5.2}{\376\377\000O\000n\000\040\000M\000o\000d\000e\000l\000i\000n\000g}{subsection.7.5}% 61
\BOOKMARK [3][-]{subsubsection.7.5.3}{\376\377\000O\000n\000\040\000E\000v\000a\000l\000u\000a\000t\000i\000o\000n}{subsection.7.5}% 62
\BOOKMARK [3][-]{subsubsection.7.5.4}{\376\377\000O\000n\000\040\000I\000n\000t\000e\000r\000p\000r\000e\000t\000a\000b\000i\000l\000i\000t\000y}{subsection.7.5}% 63
\BOOKMARK [1][-]{section.8}{\376\377\0006\000.\000\040\000O\000u\000t\000l\000o\000o\000k}{}% 64
\BOOKMARK [2][-]{subsection.8.1}{\376\377\0006\000.\0001\000\040\000R\000e\000c\000o\000m\000m\000e\000n\000d\000a\000t\000i\000o\000n\000s\000\040\000f\000o\000r\000\040\000S\000i\000m\000i\000l\000a\000r\000\040\000P\000r\000o\000j\000e\000c\000t\000s}{section.8}% 65
\BOOKMARK [2][-]{subsection.8.2}{\376\377\0006\000.\0002\000\040\000G\000a\000p\000\040\000B\000e\000t\000w\000e\000e\000n\000\040\000C\000o\000u\000r\000s\000e\000\040\000E\000x\000p\000e\000c\000t\000a\000t\000i\000o\000n\000s\000\040\000a\000n\000d\000\040\000R\000e\000a\000l\000i\000t\000y}{section.8}% 66
\BOOKMARK [3][-]{subsubsection.8.2.1}{\376\377\000W\000h\000a\000t\000\040\000w\000o\000r\000k\000e\000d\000\040\000w\000e\000l\000l}{subsection.8.2}% 67
\BOOKMARK [3][-]{subsubsection.8.2.2}{\376\377\000W\000h\000a\000t\000\040\000w\000a\000s\000\040\000h\000a\000r\000d\000e\000r\000\040\000t\000h\000a\000n\000\040\000e\000x\000p\000e\000c\000t\000e\000d}{subsection.8.2}% 68
\BOOKMARK [3][-]{subsubsection.8.2.3}{\376\377\000O\000n\000\040\000t\000h\000e\000\040\000G\000a\000p\000\040\000B\000e\000t\000w\000e\000e\000n\000\040\000E\000x\000p\000e\000c\000t\000a\000t\000i\000o\000n\000s\000\040\000a\000n\000d\000\040\000R\000e\000a\000l\000i\000t\000y}{subsection.8.2}% 69
